Assert.Equal() Failure: Strings differ
Expected: "Hello"
Actual:   "Hello2"
                ↑ (pos 5)