Like EmailTest.Testname.Microsoft_Windows_10_Education.approved.eml

EmailTest.Testname.Microsoft_Windows_10_Enterprise.approved.eml
EmailTest.Testname.Microsoft_Windows_10_Home_N.approved.eml
EmailTest.Testname.Microsoft_Windows_10_Pro.approved.eml
EmailTest.Testname.Microsoft_Windows_11_Enterprise.approved.eml
EmailTest.Testname.Microsoft_Windows_11_Pro.approved.eml
EmailTest.Testname.Microsoft_Windows_Server_2016_Datacenter.approved.eml
EmailTest.Testname.Microsoft_Windows_Server_2019_Datacenter.approved.eml
