System.Exception: https:.../242
   at ApprovalTests.Tests.ExceptionTests.<>c.<VerifyExceptionWithStacktrace>() in ...\ExceptionTests.cs
   at ApprovalUtilities.Utilities.ExceptionUtilities.GetException(Action action) in ...\ExceptionUtilities.cs